// Jest Snapshot v1, https://goo.gl/fbAQLP

exports[`renders without crashing 1`] = `
<WithStyles(ForwardRef(Grid))
  container={true}
  spacing={4}
>
  <WithStyles(ForwardRef(Grid))
    item={true}
    xs={12}
  >
    <WithStyles(ForwardRef(Tabs))
      aria-label="porfolio filter"
      id="tab-filter"
      indicatorColor="primary"
      onChange={[Function]}
      textColor="primary"
      value="ALL"
      variant="fullWidth"
    >
      <WithStyles(ForwardRef(Tab))
        label="ALL"
        value="ALL"
      />
      <WithStyles(ForwardRef(Tab))
        label="FRONT-END"
        value="FRONTEND"
      />
      <WithStyles(ForwardRef(Tab))
        label="BACK-END"
        value="BACKEND"
      />
    </WithStyles(ForwardRef(Tabs))>
  </WithStyles(ForwardRef(Grid))>
  <WithStyles(ForwardRef(Grid))
    item={true}
    xs={12}
  >
    <WithStyles(ForwardRef(Grid))
      container={true}
      justify="center"
      spacing={4}
    >
      <WithStyles(ForwardRef(Grid))
        item={true}
        key="201"
      >
        <Cards
          description="Habit tracker back-end system using Javascript, Node.js, Express, JWT, MongoDB, Mongoose, Nodemailer, Handlebars, Redis, Winston and Jest with 100% code coverage in tests."
          github="https://github.com/dyarleniber/habit-tracker-back-end"
          homepage={null}
          id={201}
          name="Habit tracker back-end"
          technologies={
            Array [
              "Node.js",
              "Express",
              "JWT",
              "MongoDB",
              "Redis",
              "Jest",
            ]
          }
          type="BACK-END"
        />
      </WithStyles(ForwardRef(Grid))>
      <WithStyles(ForwardRef(Grid))
        item={true}
        key="202"
      >
        <Cards
          description="Payment gateway API."
          github="https://github.com/dyarleniber/php-payment-api"
          homepage={null}
          id={202}
          name="Payment API"
          technologies={
            Array [
              "PHP",
            ]
          }
          type="BACK-END"
        />
      </WithStyles(ForwardRef(Grid))>
      <WithStyles(ForwardRef(Grid))
        item={true}
        key="203"
      >
        <Cards
          description="Final project for Udemy course."
          github="https://github.com/dyarleniber/smart-brain-api"
          homepage={null}
          id={203}
          name="Smart brain API"
          technologies={
            Array [
              "Node.js",
              "Express",
              "JWT",
              "Redis",
            ]
          }
          type="BACK-END"
        />
      </WithStyles(ForwardRef(Grid))>
      <WithStyles(ForwardRef(Grid))
        item={true}
        key="204"
      >
        <Cards
          description="PHP and MySQL environment with Docker and Docker Compose."
          github="https://github.com/dyarleniber/docker-php"
          homepage={null}
          id={204}
          name="PHP Docker environment"
          technologies={
            Array [
              "PHP",
              "MySQL",
              "Docker",
            ]
          }
          type="BACK-END"
        />
      </WithStyles(ForwardRef(Grid))>
      <WithStyles(ForwardRef(Grid))
        item={true}
        key="205"
      >
        <Cards
          description="This project was developed applying the Chain of Responsibility Pattern and the Builder Pattern to develop FizzBuzz."
          github="https://github.com/dyarleniber/awesome-fizzbuzz"
          homepage={null}
          id={205}
          name="Awesome Fizzbuzz"
          technologies={
            Array [
              "PHP",
              "Docker",
            ]
          }
          type="BACK-END"
        />
      </WithStyles(ForwardRef(Grid))>
      <WithStyles(ForwardRef(Grid))
        item={true}
        key="101"
      >
        <Cards
          description="Application for search New York Times movie reviews and get movie critics using Javascript, React, Redux, React hooks, redux-saga and styled-components."
          github="https://github.com/dyarleniber/nyt-movie-reviews"
          homepage={null}
          id={101}
          name="New York Times movie reviews"
          technologies={
            Array [
              "React",
              "Redux",
              "Hooks",
              "redux-saga",
              "styled-components",
            ]
          }
          type="FRONT-END"
        />
      </WithStyles(ForwardRef(Grid))>
      <WithStyles(ForwardRef(Grid))
        item={true}
        key="102"
      >
        <Cards
          description="Habit tracker front-end system using Javascript, React, Redux, React hooks, redux-saga and styled-components."
          github="https://github.com/dyarleniber/habit-tracker-front-end"
          homepage={null}
          id={102}
          name="Habit tracker front-end"
          technologies={
            Array [
              "React",
              "Redux",
              "Hooks",
              "redux-saga",
              "styled-components",
            ]
          }
          type="FRONT-END"
        />
      </WithStyles(ForwardRef(Grid))>
      <WithStyles(ForwardRef(Grid))
        item={true}
        key="103"
      >
        <Cards
          description="Udemy Final Project."
          github="https://github.com/dyarleniber/smart-brain"
          homepage={null}
          id={103}
          name="Smart brain"
          technologies={
            Array [
              "React",
              "Redux",
            ]
          }
          type="FRONT-END"
        />
      </WithStyles(ForwardRef(Grid))>
      <WithStyles(ForwardRef(Grid))
        item={true}
        key="104"
      >
        <Cards
          description="Simple To-do list with React, Redux and Hooks."
          github="https://github.com/dyarleniber/react-to-do-list"
          homepage={null}
          id={104}
          name="To-do list"
          technologies={
            Array [
              "React",
              "Redux",
              "Hooks",
              "Bootstrap",
            ]
          }
          type="FRONT-END"
        />
      </WithStyles(ForwardRef(Grid))>
      <WithStyles(ForwardRef(Grid))
        item={true}
        key="105"
      >
        <Cards
          description="My personal website."
          github="https://github.com/dyarleniber/personal-website"
          homepage="https://dyarleniber.github.io/personal-website/"
          id={105}
          name="Personal website"
          technologies={
            Array [
              "React",
              "Hooks",
              "Material-UI",
            ]
          }
          type="FRONT-END"
        />
      </WithStyles(ForwardRef(Grid))>
    </WithStyles(ForwardRef(Grid))>
  </WithStyles(ForwardRef(Grid))>
</WithStyles(ForwardRef(Grid))>
`;
