// Jest Snapshot v1, https://goo.gl/fbAQLP

exports[`renders without crashing 1`] = `
<div
  className="makeStyles-root-1"
>
  <WithStyles(ForwardRef(AppBar))
    className=""
    position="fixed"
  >
    <WithStyles(ForwardRef(Toolbar))>
      <WithStyles(ForwardRef(IconButton))
        aria-label="open drawer"
        className="makeStyles-menuButton-3"
        color="inherit"
        edge="start"
        id="open-menubar-button"
        onClick={[Function]}
      >
        <MenuIcon />
      </WithStyles(ForwardRef(IconButton))>
    </WithStyles(ForwardRef(Toolbar))>
  </WithStyles(ForwardRef(AppBar))>
  <WithStyles(ForwardRef(Drawer))
    anchor="left"
    className="makeStyles-drawer-5"
    classes={
      Object {
        "paper": "makeStyles-drawerPaper-6",
      }
    }
    id="menubar-drawer"
    open={false}
    variant="persistent"
  >
    <div
      className="makeStyles-drawerHeader-7"
    >
      <WithStyles(ForwardRef(IconButton))
        id="close-menubar-button"
        onClick={[Function]}
      >
        <ChevronLeftIcon />
      </WithStyles(ForwardRef(IconButton))>
    </div>
    <WithStyles(ForwardRef(Divider)) />
    <WithStyles(ForwardRef(List))>
      <ListItemLink
        handleClick={[Function]}
        key="/"
        primary="Home"
        to="/"
      />
      <ListItemLink
        handleClick={[Function]}
        key="/portfolio"
        primary="Portfolio"
        to="/portfolio"
      />
    </WithStyles(ForwardRef(List))>
  </WithStyles(ForwardRef(Drawer))>
  <main
    className="makeStyles-content-8"
  >
    <div
      className="makeStyles-drawerHeader-7"
    />
    <WithStyles(ForwardRef(Container))
      component="main"
    >
      <div
        className="unique"
      />
    </WithStyles(ForwardRef(Container))>
  </main>
</div>
`;
