// Jest Snapshot v1, https://goo.gl/fbAQLP

exports[`PersonalData component should render without crashing 1`] = `
<div
  className="makeStyles-root-1"
>
  <WithStyles(ForwardRef(Avatar))
    alt="Profile picture"
    className="makeStyles-avatar-2"
    src="profilePicture"
  />
  <WithStyles(ForwardRef(Grid))
    className="makeStyles-text-3"
    container={true}
  >
    <WithStyles(ForwardRef(Grid))
      item={true}
      xs={12}
    >
      <WithStyles(ForwardRef(Typography))
        variant="h2"
      >
        greeting name
      </WithStyles(ForwardRef(Typography))>
    </WithStyles(ForwardRef(Grid))>
    <WithStyles(ForwardRef(Grid))
      item={true}
      xs={12}
    >
      <WithStyles(ForwardRef(Typography))
        variant="h5"
      >
        description
      </WithStyles(ForwardRef(Typography))>
    </WithStyles(ForwardRef(Grid))>
    <WithStyles(ForwardRef(Grid))
      item={true}
      xs={12}
    >
      <WithStyles(ForwardRef(Typography))
        variant="button"
      >
        email
      </WithStyles(ForwardRef(Typography))>
    </WithStyles(ForwardRef(Grid))>
    <WithStyles(ForwardRef(Grid))
      item={true}
      xs={12}
    >
      <WithStyles(ForwardRef(IconButton))
        aria-label="email"
        component="a"
        href="mailto:email"
      >
        <MailIcon />
      </WithStyles(ForwardRef(IconButton))>
      <WithStyles(ForwardRef(IconButton))
        aria-label="socialMediaName"
        component="a"
        href="socialMediaUrl"
        key="socialMediaName"
        target="_blank"
      >
        <FontAwesomeIcon
          border={false}
          className=""
          fixedWidth={false}
          flip={null}
          icon={
            Array [
              "fab",
              "socialMediaName",
            ]
          }
          inverse={false}
          listItem={false}
          mask={null}
          pull={null}
          pulse={false}
          rotation={null}
          size={null}
          spin={false}
          swapOpacity={false}
          symbol={false}
          title=""
          transform={null}
        />
      </WithStyles(ForwardRef(IconButton))>
    </WithStyles(ForwardRef(Grid))>
    <WithStyles(ForwardRef(Grid))
      item={true}
      xs={12}
    >
      <ButtonLink
        primary="See my portfolio"
        to="/portfolio"
      />
    </WithStyles(ForwardRef(Grid))>
  </WithStyles(ForwardRef(Grid))>
</div>
`;
